ladder: 7 entrants, 192 envs x 600 steps per side

  v0-baseline                    56 - 171  v2-control-gated-reward       <- v2-control-gated-reward better
  v0-baseline                    55 - 77   v3-bounded-mean             
  v0-baseline                    72 - 14   v5-repriced-shooting          <- v0-baseline better
  v0-baseline                    35 - 1059 chase                         <- chase better
  v0-baseline                    53 - 12   random                        <- v0-baseline better
  v0-baseline                    21 - 12   exp-chase/best              
  v2-control-gated-reward       138 - 114  v3-bounded-mean             
  v2-control-gated-reward       167 - 30   v5-repriced-shooting          <- v2-control-gated-reward better
  v2-control-gated-reward       131 - 1059 chase                         <- chase better
  v2-control-gated-reward       179 - 33   random                        <- v2-control-gated-reward better
  v2-control-gated-reward       144 - 35   exp-chase/best                <- v2-control-gated-reward better
  v3-bounded-mean                63 - 20   v5-repriced-shooting          <- v3-bounded-mean better
  v3-bounded-mean                81 - 992  chase                         <- chase better
  v3-bounded-mean                85 - 16   random                        <- v3-bounded-mean better
  v3-bounded-mean                53 - 14   exp-chase/best                <- v3-bounded-mean better
  v5-repriced-shooting           24 - 1330 chase                         <- chase better
  v5-repriced-shooting           22 - 14   random                      
  v5-repriced-shooting           14 - 20   exp-chase/best              
  chase                        1312 - 18   random                        <- chase better
  chase                        1357 - 29   exp-chase/best                <- chase better
  random                         20 - 9    exp-chase/best                <- random better

rank  entrant                           GF    GA   diff   share
1     chase                           7109   318  +6791   0.957
2     v2-control-gated-reward          930  1327   -397   0.412
3     v3-bounded-mean                  473  1235   -762   0.277
4     v0-baseline                      292  1345  -1053   0.178
5     v5-repriced-shooting             124  1666  -1542   0.069
6     exp-chase/best                   119  1609  -1490   0.069
7     random                           113  1660  -1547   0.064

wrote ladder-chase.json
